// Jest Snapshot v1, https://goo.gl/fbAQLP

exports[`PokemonPage Page debe hacer match con el snapshot 1`] = `<h1>Por favor espere...</h1>`;

exports[`PokemonPage Page debe hacer match con el snapshot cuando cargan los pokemons 1`] = `
<div>
  <h1>Quien es este Pokemon?</h1>
  <div class="pokemon-container"><img class="hidden-pokemon" src="https://raw.githubusercontent.com/PokeAPI/sprites/master/sprites/pokemon/other/dream-world/1.svg" alt="pokemon"></div>
  <div class="options-container">
    <ul>
      <li>bulbasaur</li>
      <li>ivysaur</li>
      <li>venusaur</li>
      <li>charmander</li>
    </ul>
  </div>
  <!--v-if-->
</div>
`;
